2025-02-25 11:36:26,234 - INFO - AAPL 当前市场价格: 109.60 元
2025-02-25 11:36:26,234 - INFO - 下卖单：卖出 10 个 AAPL，价格：109.60 元
2025-02-25 11:36:26,235 - INFO - 卖单已成功下单，订单ID: 8378
2025-02-25 11:36:27,235 - INFO - GOOGL 当前市场价格: 120.73 元
2025-02-25 11:36:27,235 - INFO - 下卖单：卖出 10 个 GOOGL，价格：120.73 元
2025-02-25 11:36:27,235 - INFO - 卖单已成功下单，订单ID: 8585
2025-02-25 11:36:28,236 - INFO - MSFT 当前市场价格: 190.13 元
2025-02-25 11:36:28,236 - INFO - 下买单：买入 10 个 MSFT，价格：190.13 元
2025-02-25 11:36:28,236 - INFO - 买单已成功下单，订单ID: 8581
2025-02-25 11:36:30,237 - INFO - AAPL 当前市场价格: 166.91 元
2025-02-25 11:36:30,238 - INFO - 下买单：买入 10 个 AAPL，价格：166.91 元
2025-02-25 11:36:30,238 - INFO - 买单已成功下单，订单ID: 1124
2025-02-25 11:36:31,238 - INFO - GOOGL 当前市场价格: 182.55 元
2025-02-25 11:36:31,239 - INFO - 下买单：买入 10 个 GOOGL，价格：182.55 元
2025-02-25 11:36:31,239 - INFO - 买单已成功下单，订单ID: 6629
2025-02-25 11:36:32,240 - INFO - MSFT 当前市场价格: 108.19 元
2025-02-25 11:36:32,240 - INFO - 下卖单：卖出 10 个 MSFT，价格：108.19 元
2025-02-25 11:36:32,240 - INFO - 卖单已成功下单，订单ID: 8703
2025-02-25 11:36:34,242 - INFO - AAPL 当前市场价格: 184.11 元
2025-02-25 11:36:34,242 - INFO - 下买单：买入 10 个 AAPL，价格：184.11 元
2025-02-25 11:36:34,242 - INFO - 买单已成功下单，订单ID: 5574
2025-02-25 11:36:35,243 - INFO - GOOGL 当前市场价格: 131.57 元
2025-02-25 11:36:35,244 - INFO - 下卖单：卖出 10 个 GOOGL，价格：131.57 元
2025-02-25 11:36:35,244 - INFO - 卖单已成功下单，订单ID: 9079
2025-02-25 11:36:36,244 - INFO - MSFT 当前市场价格: 113.10 元
2025-02-25 11:36:36,245 - INFO - 下卖单：卖出 10 个 MSFT，价格：113.10 元
2025-02-25 11:36:36,245 - INFO - 卖单已成功下单，订单ID: 5001
2025-02-25 11:36:38,246 - INFO - AAPL 当前市场价格: 102.97 元
2025-02-25 11:36:38,246 - INFO - 下卖单：卖出 10 个 AAPL，价格：102.97 元
2025-02-25 11:36:38,246 - INFO - 卖单已成功下单，订单ID: 6042
2025-02-25 11:36:39,247 - INFO - GOOGL 当前市场价格: 190.65 元
2025-02-25 11:36:39,247 - INFO - 下买单：买入 10 个 GOOGL，价格：190.65 元
2025-02-25 11:36:39,248 - INFO - 买单已成功下单，订单ID: 9626
2025-02-25 11:36:40,248 - INFO - MSFT 当前市场价格: 188.38 元
2025-02-25 11:36:40,248 - INFO - 下买单：买入 10 个 MSFT，价格：188.38 元
2025-02-25 11:36:40,249 - INFO - 买单已成功下单，订单ID: 5157
2025-02-25 11:36:42,250 - INFO - AAPL 当前市场价格: 125.34 元
2025-02-25 11:36:42,250 - INFO - 下卖单：卖出 10 个 AAPL，价格：125.34 元
2025-02-25 11:36:42,250 - INFO - 卖单已成功下单，订单ID: 6823
2025-02-25 11:36:43,251 - INFO - GOOGL 当前市场价格: 151.62 元
2025-02-25 11:36:43,251 - INFO - 下买单：买入 10 个 GOOGL，价格：151.62 元
2025-02-25 11:36:43,251 - INFO - 买单已成功下单，订单ID: 3745
2025-02-25 11:36:44,251 - INFO - MSFT 当前市场价格: 107.04 元
2025-02-25 11:36:44,252 - INFO - 下卖单：卖出 10 个 MSFT，价格：107.04 元
2025-02-25 11:36:44,252 - INFO - 卖单已成功下单，订单ID: 5382
2025-02-25 11:36:46,253 - INFO - AAPL 当前市场价格: 148.08 元
2025-02-25 11:36:46,254 - INFO - 下卖单：卖出 10 个 AAPL，价格：148.08 元
2025-02-25 11:36:46,254 - INFO - 卖单已成功下单，订单ID: 1902
2025-02-25 11:36:47,256 - INFO - GOOGL 当前市场价格: 168.20 元
2025-02-25 11:36:47,256 - INFO - 下买单：买入 10 个 GOOGL，价格：168.20 元
2025-02-25 11:36:47,256 - INFO - 买单已成功下单，订单ID: 4867
2025-02-25 11:36:48,257 - INFO - MSFT 当前市场价格: 192.58 元
2025-02-25 11:36:48,257 - INFO - 下买单：买入 10 个 MSFT，价格：192.58 元
2025-02-25 11:36:48,258 - INFO - 买单已成功下单，订单ID: 6397
2025-02-25 11:36:50,259 - INFO - AAPL 当前市场价格: 196.34 元
2025-02-25 11:36:50,259 - INFO - 下买单：买入 10 个 AAPL，价格：196.34 元
2025-02-25 11:36:50,259 - INFO - 买单已成功下单，订单ID: 2804
2025-02-25 11:36:51,260 - INFO - GOOGL 当前市场价格: 102.79 元
2025-02-25 11:36:51,261 - INFO - 下卖单：卖出 10 个 GOOGL，价格：102.79 元
2025-02-25 11:36:51,261 - INFO - 卖单已成功下单，订单ID: 3687
2025-02-25 11:36:52,262 - INFO - MSFT 当前市场价格: 134.53 元
2025-02-25 11:36:52,262 - INFO - 下卖单：卖出 10 个 MSFT，价格：134.53 元
2025-02-25 11:36:52,262 - INFO - 卖单已成功下单，订单ID: 4766
2025-02-25 11:36:54,263 - INFO - AAPL 当前市场价格: 135.01 元
2025-02-25 11:36:54,263 - INFO - 下卖单：卖出 10 个 AAPL，价格：135.01 元
2025-02-25 11:36:54,263 - INFO - 卖单已成功下单，订单ID: 1649
2025-02-25 11:36:55,264 - INFO - GOOGL 当前市场价格: 132.18 元
2025-02-25 11:36:55,264 - INFO - 下卖单：卖出 10 个 GOOGL，价格：132.18 元
2025-02-25 11:36:55,265 - INFO - 卖单已成功下单，订单ID: 1796
2025-02-25 11:36:56,265 - INFO - MSFT 当前市场价格: 159.44 元
2025-02-25 11:36:56,266 - INFO - 下买单：买入 10 个 MSFT，价格：159.44 元
2025-02-25 11:36:56,266 - INFO - 买单已成功下单，订单ID: 4205
2025-02-25 11:36:58,267 - INFO - AAPL 当前市场价格: 122.82 元
2025-02-25 11:36:58,267 - INFO - 下卖单：卖出 10 个 AAPL，价格：122.82 元
2025-02-25 11:36:58,267 - INFO - 卖单已成功下单，订单ID: 7395
2025-02-25 11:36:59,268 - INFO - GOOGL 当前市场价格: 110.97 元
2025-02-25 11:36:59,268 - INFO - 下卖单：卖出 10 个 GOOGL，价格：110.97 元
2025-02-25 11:36:59,269 - INFO - 卖单已成功下单，订单ID: 9499
2025-02-25 11:37:00,269 - INFO - MSFT 当前市场价格: 196.26 元
2025-02-25 11:37:00,270 - INFO - 下买单：买入 10 个 MSFT，价格：196.26 元
2025-02-25 11:37:00,270 - INFO - 买单已成功下单，订单ID: 5307
2025-02-25 11:37:02,271 - INFO - AAPL 当前市场价格: 117.34 元
2025-02-25 11:37:02,271 - INFO - 下卖单：卖出 10 个 AAPL，价格：117.34 元
2025-02-25 11:37:02,272 - INFO - 卖单已成功下单，订单ID: 7217
2025-02-25 11:37:03,272 - INFO - GOOGL 当前市场价格: 191.56 元
2025-02-25 11:37:03,272 - INFO - 下买单：买入 10 个 GOOGL，价格：191.56 元
2025-02-25 11:37:03,273 - INFO - 买单已成功下单，订单ID: 3044
2025-02-25 11:37:04,273 - INFO - MSFT 当前市场价格: 178.32 元
2025-02-25 11:37:04,274 - INFO - 下买单：买入 10 个 MSFT，价格：178.32 元
2025-02-25 11:37:04,274 - INFO - 买单已成功下单，订单ID: 4008
2025-02-25 11:37:06,275 - INFO - AAPL 当前市场价格: 198.73 元
2025-02-25 11:37:06,275 - INFO - 下买单：买入 10 个 AAPL，价格：198.73 元
2025-02-25 11:37:06,276 - INFO - 买单已成功下单，订单ID: 7233
2025-02-25 11:37:07,276 - INFO - GOOGL 当前市场价格: 149.15 元
2025-02-25 11:37:07,277 - INFO - 下卖单：卖出 10 个 GOOGL，价格：149.15 元
2025-02-25 11:37:07,277 - INFO - 卖单已成功下单，订单ID: 8468
2025-02-25 11:37:08,277 - INFO - MSFT 当前市场价格: 137.52 元
2025-02-25 11:37:08,278 - INFO - 下卖单：卖出 10 个 MSFT，价格：137.52 元
2025-02-25 11:37:08,278 - INFO - 卖单已成功下单，订单ID: 7282
2025-02-25 11:37:10,278 - INFO - AAPL 当前市场价格: 116.18 元
2025-02-25 11:37:10,279 - INFO - 下卖单：卖出 10 个 AAPL，价格：116.18 元
2025-02-25 11:37:10,279 - INFO - 卖单已成功下单，订单ID: 1500
2025-02-25 11:37:11,279 - INFO - GOOGL 当前市场价格: 146.64 元
2025-02-25 11:37:11,280 - INFO - 下卖单：卖出 10 个 GOOGL，价格：146.64 元
2025-02-25 11:37:11,280 - INFO - 卖单已成功下单，订单ID: 9549
2025-02-25 11:37:12,281 - INFO - MSFT 当前市场价格: 157.70 元
2025-02-25 11:37:12,281 - INFO - 下买单：买入 10 个 MSFT，价格：157.70 元
2025-02-25 11:37:12,281 - INFO - 买单已成功下单，订单ID: 7673
2025-02-25 11:37:14,282 - INFO - AAPL 当前市场价格: 172.69 元
2025-02-25 11:37:14,282 - INFO - 下买单：买入 10 个 AAPL，价格：172.69 元
2025-02-25 11:37:14,282 - INFO - 买单已成功下单，订单ID: 7422
2025-02-25 11:37:15,283 - INFO - GOOGL 当前市场价格: 140.60 元
2025-02-25 11:37:15,283 - INFO - 下卖单：卖出 10 个 GOOGL，价格：140.60 元
2025-02-25 11:37:15,284 - INFO - 卖单已成功下单，订单ID: 4143
2025-02-25 11:37:16,284 - INFO - MSFT 当前市场价格: 107.94 元
2025-02-25 11:37:16,285 - INFO - 下卖单：卖出 10 个 MSFT，价格：107.94 元
2025-02-25 11:37:16,285 - INFO - 卖单已成功下单，订单ID: 4040
2025-02-25 11:37:18,286 - INFO - AAPL 当前市场价格: 189.04 元
2025-02-25 11:37:18,286 - INFO - 下买单：买入 10 个 AAPL，价格：189.04 元
2025-02-25 11:37:18,287 - INFO - 买单已成功下单，订单ID: 6721
2025-02-25 11:37:19,287 - INFO - GOOGL 当前市场价格: 115.27 元
2025-02-25 11:37:19,288 - INFO - 下卖单：卖出 10 个 GOOGL，价格：115.27 元
2025-02-25 11:37:19,288 - INFO - 卖单已成功下单，订单ID: 9095
2025-02-25 11:37:20,288 - INFO - MSFT 当前市场价格: 130.42 元
2025-02-25 11:37:20,289 - INFO - 下卖单：卖出 10 个 MSFT，价格：130.42 元
2025-02-25 11:37:20,289 - INFO - 卖单已成功下单，订单ID: 6273
2025-02-25 11:37:22,290 - INFO - AAPL 当前市场价格: 120.72 元
2025-02-25 11:37:22,290 - INFO - 下卖单：卖出 10 个 AAPL，价格：120.72 元
2025-02-25 11:37:22,290 - INFO - 卖单已成功下单，订单ID: 5773
2025-02-25 11:37:23,291 - INFO - GOOGL 当前市场价格: 114.98 元
2025-02-25 11:37:23,291 - INFO - 下卖单：卖出 10 个 GOOGL，价格：114.98 元
2025-02-25 11:37:23,291 - INFO - 卖单已成功下单，订单ID: 1896
2025-02-25 11:37:24,292 - INFO - MSFT 当前市场价格: 138.66 元
2025-02-25 11:37:24,292 - INFO - 下卖单：卖出 10 个 MSFT，价格：138.66 元
2025-02-25 11:37:24,292 - INFO - 卖单已成功下单，订单ID: 2490
2025-02-25 11:37:26,293 - INFO - AAPL 当前市场价格: 101.71 元
2025-02-25 11:37:26,294 - INFO - 下卖单：卖出 10 个 AAPL，价格：101.71 元
2025-02-25 11:37:26,294 - INFO - 卖单已成功下单，订单ID: 2002
2025-02-25 11:37:27,295 - INFO - GOOGL 当前市场价格: 148.73 元
2025-02-25 11:37:27,295 - INFO - 下卖单：卖出 10 个 GOOGL，价格：148.73 元
2025-02-25 11:37:27,295 - INFO - 卖单已成功下单，订单ID: 9032
2025-02-25 11:37:28,296 - INFO - MSFT 当前市场价格: 118.14 元
2025-02-25 11:37:28,297 - INFO - 下卖单：卖出 10 个 MSFT，价格：118.14 元
2025-02-25 11:37:28,297 - INFO - 卖单已成功下单，订单ID: 3494
2025-02-25 11:37:30,298 - INFO - AAPL 当前市场价格: 167.41 元
2025-02-25 11:37:30,298 - INFO - 下买单：买入 10 个 AAPL，价格：167.41 元
2025-02-25 11:37:30,298 - INFO - 买单已成功下单，订单ID: 9162
2025-02-25 11:37:31,299 - INFO - GOOGL 当前市场价格: 110.45 元
2025-02-25 11:37:31,299 - INFO - 下卖单：卖出 10 个 GOOGL，价格：110.45 元
2025-02-25 11:37:31,299 - INFO - 卖单已成功下单，订单ID: 9518
2025-02-25 11:37:32,300 - INFO - MSFT 当前市场价格: 156.92 元
2025-02-25 11:37:32,300 - INFO - 下买单：买入 10 个 MSFT，价格：156.92 元
2025-02-25 11:37:32,300 - INFO - 买单已成功下单，订单ID: 6848
2025-02-25 11:37:34,302 - INFO - AAPL 当前市场价格: 194.96 元
2025-02-25 11:37:34,302 - INFO - 下买单：买入 10 个 AAPL，价格：194.96 元
2025-02-25 11:37:34,302 - INFO - 买单已成功下单，订单ID: 2719
2025-02-25 11:37:35,303 - INFO - GOOGL 当前市场价格: 197.02 元
2025-02-25 11:37:35,303 - INFO - 下买单：买入 10 个 GOOGL，价格：197.02 元
2025-02-25 11:37:35,303 - INFO - 买单已成功下单，订单ID: 5293
2025-02-25 11:37:36,304 - INFO - MSFT 当前市场价格: 195.51 元
2025-02-25 11:37:36,305 - INFO - 下买单：买入 10 个 MSFT，价格：195.51 元
2025-02-25 11:37:36,305 - INFO - 买单已成功下单，订单ID: 2993
2025-02-25 11:37:38,306 - INFO - AAPL 当前市场价格: 160.22 元
2025-02-25 11:37:38,306 - INFO - 下买单：买入 10 个 AAPL，价格：160.22 元
2025-02-25 11:37:38,306 - INFO - 买单已成功下单，订单ID: 6437
2025-02-25 11:37:39,307 - INFO - GOOGL 当前市场价格: 118.75 元
2025-02-25 11:37:39,307 - INFO - 下卖单：卖出 10 个 GOOGL，价格：118.75 元
2025-02-25 11:37:39,308 - INFO - 卖单已成功下单，订单ID: 9455
2025-02-25 11:37:40,308 - INFO - MSFT 当前市场价格: 104.10 元
2025-02-25 11:37:40,309 - INFO - 下卖单：卖出 10 个 MSFT，价格：104.10 元
2025-02-25 11:37:40,309 - INFO - 卖单已成功下单，订单ID: 4525
2025-02-25 11:37:42,310 - INFO - AAPL 当前市场价格: 174.59 元
2025-02-25 11:37:42,310 - INFO - 下买单：买入 10 个 AAPL，价格：174.59 元
2025-02-25 11:37:42,310 - INFO - 买单已成功下单，订单ID: 9605
2025-02-25 11:37:43,311 - INFO - GOOGL 当前市场价格: 161.60 元
2025-02-25 11:37:43,311 - INFO - 下买单：买入 10 个 GOOGL，价格：161.60 元
2025-02-25 11:37:43,311 - INFO - 买单已成功下单，订单ID: 5443
2025-02-25 11:37:44,312 - INFO - MSFT 当前市场价格: 168.05 元
2025-02-25 11:37:44,312 - INFO - 下买单：买入 10 个 MSFT，价格：168.05 元
2025-02-25 11:37:44,313 - INFO - 买单已成功下单，订单ID: 9942
2025-02-25 11:37:46,314 - INFO - AAPL 当前市场价格: 152.68 元
2025-02-25 11:37:46,314 - INFO - 下买单：买入 10 个 AAPL，价格：152.68 元
2025-02-25 11:37:46,314 - INFO - 买单已成功下单，订单ID: 2859
2025-02-25 11:37:47,315 - INFO - GOOGL 当前市场价格: 170.41 元
2025-02-25 11:37:47,315 - INFO - 下买单：买入 10 个 GOOGL，价格：170.41 元
2025-02-25 11:37:47,315 - INFO - 买单已成功下单，订单ID: 7326
2025-02-25 11:37:48,316 - INFO - MSFT 当前市场价格: 126.81 元
2025-02-25 11:37:48,317 - INFO - 下卖单：卖出 10 个 MSFT，价格：126.81 元
2025-02-25 11:37:48,317 - INFO - 卖单已成功下单，订单ID: 7778
2025-02-25 11:37:50,318 - INFO - AAPL 当前市场价格: 104.14 元
2025-02-25 11:37:50,318 - INFO - 下卖单：卖出 10 个 AAPL，价格：104.14 元
2025-02-25 11:37:50,318 - INFO - 卖单已成功下单，订单ID: 2503
2025-02-25 11:37:51,319 - INFO - GOOGL 当前市场价格: 147.27 元
2025-02-25 11:37:51,320 - INFO - 下卖单：卖出 10 个 GOOGL，价格：147.27 元
2025-02-25 11:37:51,320 - INFO - 卖单已成功下单，订单ID: 4734
2025-02-25 11:37:52,320 - INFO - MSFT 当前市场价格: 185.12 元
2025-02-25 11:37:52,321 - INFO - 下买单：买入 10 个 MSFT，价格：185.12 元
2025-02-25 11:37:52,321 - INFO - 买单已成功下单，订单ID: 2578
2025-02-25 11:37:54,322 - INFO - AAPL 当前市场价格: 156.37 元
2025-02-25 11:37:54,322 - INFO - 下买单：买入 10 个 AAPL，价格：156.37 元
2025-02-25 11:37:54,322 - INFO - 买单已成功下单，订单ID: 3642
2025-02-25 11:37:55,323 - INFO - GOOGL 当前市场价格: 194.44 元
2025-02-25 11:37:55,323 - INFO - 下买单：买入 10 个 GOOGL，价格：194.44 元
2025-02-25 11:37:55,323 - INFO - 买单已成功下单，订单ID: 5434
2025-02-25 11:37:56,324 - INFO - MSFT 当前市场价格: 185.75 元
2025-02-25 11:37:56,324 - INFO - 下买单：买入 10 个 MSFT，价格：185.75 元
2025-02-25 11:37:56,324 - INFO - 买单已成功下单，订单ID: 7536
2025-02-25 11:37:58,325 - INFO - AAPL 当前市场价格: 181.96 元
2025-02-25 11:37:58,325 - INFO - 下买单：买入 10 个 AAPL，价格：181.96 元
2025-02-25 11:37:58,325 - INFO - 买单已成功下单，订单ID: 7609
2025-02-25 11:37:59,326 - INFO - GOOGL 当前市场价格: 168.65 元
2025-02-25 11:37:59,327 - INFO - 下买单：买入 10 个 GOOGL，价格：168.65 元
2025-02-25 11:37:59,327 - INFO - 买单已成功下单，订单ID: 3087
2025-02-25 11:38:00,327 - INFO - MSFT 当前市场价格: 179.35 元
2025-02-25 11:38:00,328 - INFO - 下买单：买入 10 个 MSFT，价格：179.35 元
2025-02-25 11:38:00,328 - INFO - 买单已成功下单，订单ID: 8199
2025-02-25 11:38:02,328 - INFO - AAPL 当前市场价格: 139.40 元
2025-02-25 11:38:02,329 - INFO - 下卖单：卖出 10 个 AAPL，价格：139.40 元
2025-02-25 11:38:02,329 - INFO - 卖单已成功下单，订单ID: 1461
2025-02-25 11:38:03,330 - INFO - GOOGL 当前市场价格: 124.62 元
2025-02-25 11:38:03,330 - INFO - 下卖单：卖出 10 个 GOOGL，价格：124.62 元
2025-02-25 11:38:03,330 - INFO - 卖单已成功下单，订单ID: 5060
2025-02-25 11:38:04,331 - INFO - MSFT 当前市场价格: 151.96 元
2025-02-25 11:38:04,331 - INFO - 下买单：买入 10 个 MSFT，价格：151.96 元
2025-02-25 11:38:04,332 - INFO - 买单已成功下单，订单ID: 7541
2025-02-25 11:38:06,332 - INFO - AAPL 当前市场价格: 179.93 元
2025-02-25 11:38:06,333 - INFO - 下买单：买入 10 个 AAPL，价格：179.93 元
2025-02-25 11:38:06,333 - INFO - 买单已成功下单，订单ID: 1404
2025-02-25 11:38:07,333 - INFO - GOOGL 当前市场价格: 110.72 元
2025-02-25 11:38:07,334 - INFO - 下卖单：卖出 10 个 GOOGL，价格：110.72 元
2025-02-25 11:38:07,334 - INFO - 卖单已成功下单，订单ID: 4871
2025-02-25 11:38:08,335 - INFO - MSFT 当前市场价格: 172.61 元
2025-02-25 11:38:08,335 - INFO - 下买单：买入 10 个 MSFT，价格：172.61 元
2025-02-25 11:38:08,336 - INFO - 买单已成功下单，订单ID: 6349
2025-02-25 11:38:10,337 - INFO - AAPL 当前市场价格: 168.23 元
2025-02-25 11:38:10,337 - INFO - 下买单：买入 10 个 AAPL，价格：168.23 元
2025-02-25 11:38:10,337 - INFO - 买单已成功下单，订单ID: 7615
2025-02-25 11:38:11,338 - INFO - GOOGL 当前市场价格: 144.62 元
2025-02-25 11:38:11,339 - INFO - 下卖单：卖出 10 个 GOOGL，价格：144.62 元
2025-02-25 11:38:11,339 - INFO - 卖单已成功下单，订单ID: 4999
2025-02-25 11:38:12,340 - INFO - MSFT 当前市场价格: 189.40 元
2025-02-25 11:38:12,340 - INFO - 下买单：买入 10 个 MSFT，价格：189.40 元
2025-02-25 11:38:12,340 - INFO - 买单已成功下单，订单ID: 9181
2025-02-25 11:38:14,341 - INFO - AAPL 当前市场价格: 175.20 元
2025-02-25 11:38:14,341 - INFO - 下买单：买入 10 个 AAPL，价格：175.20 元
2025-02-25 11:38:14,342 - INFO - 买单已成功下单，订单ID: 2265
2025-02-25 11:38:15,342 - INFO - GOOGL 当前市场价格: 115.42 元
2025-02-25 11:38:15,343 - INFO - 下卖单：卖出 10 个 GOOGL，价格：115.42 元
2025-02-25 11:38:15,343 - INFO - 卖单已成功下单，订单ID: 7405
2025-02-25 11:38:16,343 - INFO - MSFT 当前市场价格: 193.86 元
2025-02-25 11:38:16,344 - INFO - 下买单：买入 10 个 MSFT，价格：193.86 元
2025-02-25 11:38:16,344 - INFO - 买单已成功下单，订单ID: 9377
2025-02-25 11:38:18,345 - INFO - AAPL 当前市场价格: 118.63 元
2025-02-25 11:38:18,345 - INFO - 下卖单：卖出 10 个 AAPL，价格：118.63 元
2025-02-25 11:38:18,346 - INFO - 卖单已成功下单，订单ID: 3660
2025-02-25 11:38:19,346 - INFO - GOOGL 当前市场价格: 152.45 元
2025-02-25 11:38:19,346 - INFO - 下买单：买入 10 个 GOOGL，价格：152.45 元
2025-02-25 11:38:19,347 - INFO - 买单已成功下单，订单ID: 3692
2025-02-25 11:38:20,347 - INFO - MSFT 当前市场价格: 112.73 元
2025-02-25 11:38:20,348 - INFO - 下卖单：卖出 10 个 MSFT，价格：112.73 元
2025-02-25 11:38:20,348 - INFO - 卖单已成功下单，订单ID: 6733
2025-02-25 11:38:22,349 - INFO - AAPL 当前市场价格: 188.64 元
2025-02-25 11:38:22,349 - INFO - 下买单：买入 10 个 AAPL，价格：188.64 元
2025-02-25 11:38:22,350 - INFO - 买单已成功下单，订单ID: 4455
2025-02-25 11:38:23,350 - INFO - GOOGL 当前市场价格: 194.25 元
2025-02-25 11:38:23,351 - INFO - 下买单：买入 10 个 GOOGL，价格：194.25 元
2025-02-25 11:38:23,351 - INFO - 买单已成功下单，订单ID: 8623
2025-02-25 11:38:24,352 - INFO - MSFT 当前市场价格: 148.83 元
2025-02-25 11:38:24,352 - INFO - 下卖单：卖出 10 个 MSFT，价格：148.83 元
2025-02-25 11:38:24,352 - INFO - 卖单已成功下单，订单ID: 6130
2025-02-25 11:38:26,353 - INFO - AAPL 当前市场价格: 142.89 元
2025-02-25 11:38:26,354 - INFO - 下卖单：卖出 10 个 AAPL，价格：142.89 元
2025-02-25 11:38:26,354 - INFO - 卖单已成功下单，订单ID: 9599
2025-02-25 11:38:27,355 - INFO - GOOGL 当前市场价格: 176.44 元
2025-02-25 11:38:27,355 - INFO - 下买单：买入 10 个 GOOGL，价格：176.44 元
2025-02-25 11:38:27,355 - INFO - 买单已成功下单，订单ID: 4531
2025-02-25 11:38:28,356 - INFO - MSFT 当前市场价格: 118.81 元
2025-02-25 11:38:28,356 - INFO - 下卖单：卖出 10 个 MSFT，价格：118.81 元
2025-02-25 11:38:28,357 - INFO - 卖单已成功下单，订单ID: 2103
2025-02-25 11:38:30,357 - INFO - AAPL 当前市场价格: 185.65 元
2025-02-25 11:38:30,358 - INFO - 下买单：买入 10 个 AAPL，价格：185.65 元
2025-02-25 11:38:30,358 - INFO - 买单已成功下单，订单ID: 8108
2025-02-25 11:38:31,359 - INFO - GOOGL 当前市场价格: 184.61 元
2025-02-25 11:38:31,359 - INFO - 下买单：买入 10 个 GOOGL，价格：184.61 元
2025-02-25 11:38:31,359 - INFO - 买单已成功下单，订单ID: 7380
2025-02-25 11:38:32,360 - INFO - MSFT 当前市场价格: 182.69 元
2025-02-25 11:38:32,360 - INFO - 下买单：买入 10 个 MSFT，价格：182.69 元
2025-02-25 11:38:32,361 - INFO - 买单已成功下单，订单ID: 8608
2025-02-25 11:38:34,362 - INFO - AAPL 当前市场价格: 152.65 元
2025-02-25 11:38:34,362 - INFO - 下买单：买入 10 个 AAPL，价格：152.65 元
2025-02-25 11:38:34,362 - INFO - 买单已成功下单，订单ID: 1386
2025-02-25 11:38:35,363 - INFO - GOOGL 当前市场价格: 102.85 元
2025-02-25 11:38:35,364 - INFO - 下卖单：卖出 10 个 GOOGL，价格：102.85 元
2025-02-25 11:38:35,364 - INFO - 卖单已成功下单，订单ID: 9085
2025-02-25 11:38:36,364 - INFO - MSFT 当前市场价格: 172.34 元
2025-02-25 11:38:36,365 - INFO - 下买单：买入 10 个 MSFT，价格：172.34 元
2025-02-25 11:38:36,365 - INFO - 买单已成功下单，订单ID: 1493
2025-02-25 11:38:38,366 - INFO - AAPL 当前市场价格: 196.46 元
2025-02-25 11:38:38,366 - INFO - 下买单：买入 10 个 AAPL，价格：196.46 元
2025-02-25 11:38:38,366 - INFO - 买单已成功下单，订单ID: 3145
2025-02-25 11:38:39,367 - INFO - GOOGL 当前市场价格: 188.21 元
2025-02-25 11:38:39,367 - INFO - 下买单：买入 10 个 GOOGL，价格：188.21 元
2025-02-25 11:38:39,367 - INFO - 买单已成功下单，订单ID: 4017
2025-02-25 11:38:40,368 - INFO - MSFT 当前市场价格: 155.14 元
2025-02-25 11:38:40,368 - INFO - 下买单：买入 10 个 MSFT，价格：155.14 元
2025-02-25 11:38:40,368 - INFO - 买单已成功下单，订单ID: 9104
2025-02-25 11:38:42,369 - INFO - AAPL 当前市场价格: 130.42 元
2025-02-25 11:38:42,369 - INFO - 下卖单：卖出 10 个 AAPL，价格：130.42 元
2025-02-25 11:38:42,369 - INFO - 卖单已成功下单，订单ID: 9906
2025-02-25 11:38:43,370 - INFO - GOOGL 当前市场价格: 165.28 元
2025-02-25 11:38:43,370 - INFO - 下买单：买入 10 个 GOOGL，价格：165.28 元
2025-02-25 11:38:43,371 - INFO - 买单已成功下单，订单ID: 5710
2025-02-25 11:38:44,371 - INFO - MSFT 当前市场价格: 139.06 元
2025-02-25 11:38:44,371 - INFO - 下卖单：卖出 10 个 MSFT，价格：139.06 元
2025-02-25 11:38:44,372 - INFO - 卖单已成功下单，订单ID: 1962
2025-02-25 11:38:46,373 - INFO - AAPL 当前市场价格: 178.03 元
2025-02-25 11:38:46,373 - INFO - 下买单：买入 10 个 AAPL，价格：178.03 元
2025-02-25 11:38:46,374 - INFO - 买单已成功下单，订单ID: 1465
2025-02-25 11:38:47,374 - INFO - GOOGL 当前市场价格: 139.46 元
2025-02-25 11:38:47,374 - INFO - 下卖单：卖出 10 个 GOOGL，价格：139.46 元
2025-02-25 11:38:47,375 - INFO - 卖单已成功下单，订单ID: 2043
2025-02-25 11:38:48,375 - INFO - MSFT 当前市场价格: 155.81 元
2025-02-25 11:38:48,375 - INFO - 下买单：买入 10 个 MSFT，价格：155.81 元
2025-02-25 11:38:48,376 - INFO - 买单已成功下单，订单ID: 8101
2025-02-25 11:38:50,376 - INFO - AAPL 当前市场价格: 120.35 元
2025-02-25 11:38:50,376 - INFO - 下卖单：卖出 10 个 AAPL，价格：120.35 元
2025-02-25 11:38:50,377 - INFO - 卖单已成功下单，订单ID: 2457
2025-02-25 11:38:51,377 - INFO - GOOGL 当前市场价格: 144.00 元
2025-02-25 11:38:51,377 - INFO - 下卖单：卖出 10 个 GOOGL，价格：144.00 元
2025-02-25 11:38:51,377 - INFO - 卖单已成功下单，订单ID: 4720
2025-02-25 11:38:52,378 - INFO - MSFT 当前市场价格: 109.86 元
2025-02-25 11:38:52,378 - INFO - 下卖单：卖出 10 个 MSFT，价格：109.86 元
2025-02-25 11:38:52,378 - INFO - 卖单已成功下单，订单ID: 7142
2025-02-25 11:38:54,380 - INFO - AAPL 当前市场价格: 192.35 元
2025-02-25 11:38:54,380 - INFO - 下买单：买入 10 个 AAPL，价格：192.35 元
2025-02-25 11:38:54,380 - INFO - 买单已成功下单，订单ID: 6846
2025-02-25 11:38:55,381 - INFO - GOOGL 当前市场价格: 192.36 元
2025-02-25 11:38:55,381 - INFO - 下买单：买入 10 个 GOOGL，价格：192.36 元
2025-02-25 11:38:55,381 - INFO - 买单已成功下单，订单ID: 2479
2025-02-25 11:38:56,382 - INFO - MSFT 当前市场价格: 152.85 元
2025-02-25 11:38:56,382 - INFO - 下买单：买入 10 个 MSFT，价格：152.85 元
2025-02-25 11:38:56,382 - INFO - 买单已成功下单，订单ID: 6689
2025-02-25 11:38:58,383 - INFO - AAPL 当前市场价格: 117.22 元
2025-02-25 11:38:58,384 - INFO - 下卖单：卖出 10 个 AAPL，价格：117.22 元
2025-02-25 11:38:58,384 - INFO - 卖单已成功下单，订单ID: 7766
2025-02-25 11:38:59,384 - INFO - GOOGL 当前市场价格: 118.99 元
2025-02-25 11:38:59,384 - INFO - 下卖单：卖出 10 个 GOOGL，价格：118.99 元
2025-02-25 11:38:59,385 - INFO - 卖单已成功下单，订单ID: 6748
2025-02-25 11:39:00,385 - INFO - MSFT 当前市场价格: 163.32 元
2025-02-25 11:39:00,386 - INFO - 下买单：买入 10 个 MSFT，价格：163.32 元
2025-02-25 11:39:00,386 - INFO - 买单已成功下单，订单ID: 1453
2025-02-25 11:39:02,386 - INFO - AAPL 当前市场价格: 102.97 元
2025-02-25 11:39:02,387 - INFO - 下卖单：卖出 10 个 AAPL，价格：102.97 元
2025-02-25 11:39:02,387 - INFO - 卖单已成功下单，订单ID: 5706
2025-02-25 11:39:03,388 - INFO - GOOGL 当前市场价格: 141.70 元
2025-02-25 11:39:03,388 - INFO - 下卖单：卖出 10 个 GOOGL，价格：141.70 元
2025-02-25 11:39:03,388 - INFO - 卖单已成功下单，订单ID: 1067
2025-02-25 11:39:04,389 - INFO - MSFT 当前市场价格: 173.98 元
2025-02-25 11:39:04,389 - INFO - 下买单：买入 10 个 MSFT，价格：173.98 元
2025-02-25 11:39:04,389 - INFO - 买单已成功下单，订单ID: 6305
2025-02-25 11:39:06,391 - INFO - AAPL 当前市场价格: 187.93 元
2025-02-25 11:39:06,391 - INFO - 下买单：买入 10 个 AAPL，价格：187.93 元
2025-02-25 11:39:06,391 - INFO - 买单已成功下单，订单ID: 3714
2025-02-25 11:39:07,392 - INFO - GOOGL 当前市场价格: 124.47 元
2025-02-25 11:39:07,392 - INFO - 下卖单：卖出 10 个 GOOGL，价格：124.47 元
2025-02-25 11:39:07,392 - INFO - 卖单已成功下单，订单ID: 4256
2025-02-25 11:39:08,393 - INFO - MSFT 当前市场价格: 164.65 元
2025-02-25 11:39:08,393 - INFO - 下买单：买入 10 个 MSFT，价格：164.65 元
2025-02-25 11:39:08,393 - INFO - 买单已成功下单，订单ID: 2625
2025-02-25 11:39:10,394 - INFO - AAPL 当前市场价格: 174.78 元
2025-02-25 11:39:10,395 - INFO - 下买单：买入 10 个 AAPL，价格：174.78 元
2025-02-25 11:39:10,395 - INFO - 买单已成功下单，订单ID: 5408
2025-02-25 11:39:11,395 - INFO - GOOGL 当前市场价格: 122.62 元
2025-02-25 11:39:11,396 - INFO - 下卖单：卖出 10 个 GOOGL，价格：122.62 元
2025-02-25 11:39:11,396 - INFO - 卖单已成功下单，订单ID: 6601
2025-02-25 11:39:12,397 - INFO - MSFT 当前市场价格: 168.63 元
2025-02-25 11:39:12,397 - INFO - 下买单：买入 10 个 MSFT，价格：168.63 元
2025-02-25 11:39:12,397 - INFO - 买单已成功下单，订单ID: 1712
2025-02-25 11:39:14,398 - INFO - AAPL 当前市场价格: 171.81 元
2025-02-25 11:39:14,398 - INFO - 下买单：买入 10 个 AAPL，价格：171.81 元
2025-02-25 11:39:14,398 - INFO - 买单已成功下单，订单ID: 2385
2025-02-25 11:39:15,399 - INFO - GOOGL 当前市场价格: 168.82 元
2025-02-25 11:39:15,399 - INFO - 下买单：买入 10 个 GOOGL，价格：168.82 元
2025-02-25 11:39:15,399 - INFO - 买单已成功下单，订单ID: 2389
2025-02-25 11:39:16,400 - INFO - MSFT 当前市场价格: 176.44 元
2025-02-25 11:39:16,400 - INFO - 下买单：买入 10 个 MSFT，价格：176.44 元
2025-02-25 11:39:16,401 - INFO - 买单已成功下单，订单ID: 7986
2025-02-25 11:39:18,402 - INFO - AAPL 当前市场价格: 161.92 元
2025-02-25 11:39:18,403 - INFO - 下买单：买入 10 个 AAPL，价格：161.92 元
2025-02-25 11:39:18,403 - INFO - 买单已成功下单，订单ID: 4595
2025-02-25 11:39:19,403 - INFO - GOOGL 当前市场价格: 113.51 元
2025-02-25 11:39:19,404 - INFO - 下卖单：卖出 10 个 GOOGL，价格：113.51 元
2025-02-25 11:39:19,404 - INFO - 卖单已成功下单，订单ID: 3469
2025-02-25 11:39:20,404 - INFO - MSFT 当前市场价格: 141.94 元
2025-02-25 11:39:20,405 - INFO - 下卖单：卖出 10 个 MSFT，价格：141.94 元
2025-02-25 11:39:20,405 - INFO - 卖单已成功下单，订单ID: 4028
2025-02-25 11:39:22,406 - INFO - AAPL 当前市场价格: 152.68 元
2025-02-25 11:39:22,407 - INFO - 下买单：买入 10 个 AAPL，价格：152.68 元
2025-02-25 11:39:22,407 - INFO - 买单已成功下单，订单ID: 8832
2025-02-25 11:39:23,407 - INFO - GOOGL 当前市场价格: 149.62 元
2025-02-25 11:39:23,407 - INFO - 下卖单：卖出 10 个 GOOGL，价格：149.62 元
2025-02-25 11:39:23,408 - INFO - 卖单已成功下单，订单ID: 7993
2025-02-25 11:39:24,408 - INFO - MSFT 当前市场价格: 123.53 元
2025-02-25 11:39:24,408 - INFO - 下卖单：卖出 10 个 MSFT，价格：123.53 元
2025-02-25 11:39:24,409 - INFO - 卖单已成功下单，订单ID: 6502
2025-02-25 11:39:26,409 - INFO - AAPL 当前市场价格: 154.20 元
2025-02-25 11:39:26,410 - INFO - 下买单：买入 10 个 AAPL，价格：154.20 元
2025-02-25 11:39:26,410 - INFO - 买单已成功下单，订单ID: 3130
2025-02-25 11:39:27,410 - INFO - GOOGL 当前市场价格: 133.38 元
2025-02-25 11:39:27,411 - INFO - 下卖单：卖出 10 个 GOOGL，价格：133.38 元
2025-02-25 11:39:27,411 - INFO - 卖单已成功下单，订单ID: 7563
2025-02-25 11:39:28,412 - INFO - MSFT 当前市场价格: 194.31 元
2025-02-25 11:39:28,412 - INFO - 下买单：买入 10 个 MSFT，价格：194.31 元
2025-02-25 11:39:28,412 - INFO - 买单已成功下单，订单ID: 3753
2025-02-25 11:39:30,413 - INFO - AAPL 当前市场价格: 149.51 元
2025-02-25 11:39:30,414 - INFO - 下卖单：卖出 10 个 AAPL，价格：149.51 元
2025-02-25 11:39:30,414 - INFO - 卖单已成功下单，订单ID: 8232
2025-02-25 11:39:31,414 - INFO - GOOGL 当前市场价格: 108.06 元
2025-02-25 11:39:31,414 - INFO - 下卖单：卖出 10 个 GOOGL，价格：108.06 元
2025-02-25 11:39:31,415 - INFO - 卖单已成功下单，订单ID: 4586
2025-02-25 14:05:14,692 - INFO - AAPL 当前市场价格: 163.96 元
2025-02-25 14:05:15,693 - INFO - AAPL 当前市场价格: 145.66 元
2025-02-25 14:05:15,693 - INFO - 下卖单：卖出 10 个 AAPL，价格：145.66 元
2025-02-25 14:05:15,694 - INFO - 卖单已成功下单，订单ID: 2678
2025-02-25 14:05:16,695 - INFO - AAPL 当前市场价格: 164.27 元
2025-02-25 14:05:16,695 - INFO - 下买单：买入 10 个 AAPL，价格：164.27 元
2025-02-25 14:05:16,695 - INFO - 买单已成功下单，订单ID: 4909
2025-02-25 14:05:17,696 - INFO - AAPL 当前市场价格: 151.07 元
2025-02-25 14:05:17,696 - INFO - 下卖单：卖出 10 个 AAPL，价格：151.07 元
2025-02-25 14:05:17,696 - INFO - 卖单已成功下单，订单ID: 8914
2025-03-04 16:54:36,987 - INFO - AAPL 当前市场价格: 185.24 元
2025-03-04 16:54:36,988 - INFO - 下买单：买入 10 个 AAPL，价格：185.24 元
2025-03-04 16:54:36,988 - INFO - 买单已成功下单，订单ID: 7007
2025-03-04 16:54:37,989 - INFO - GOOGL 当前市场价格: 138.30 元
2025-03-04 16:54:37,989 - INFO - 下卖单：卖出 10 个 GOOGL，价格：138.30 元
2025-03-04 16:54:37,989 - INFO - 卖单已成功下单，订单ID: 4981
2025-03-04 16:54:38,991 - INFO - MSFT 当前市场价格: 196.14 元
2025-03-04 16:54:38,991 - INFO - 下买单：买入 10 个 MSFT，价格：196.14 元
2025-03-04 16:54:38,991 - INFO - 买单已成功下单，订单ID: 7082
2025-03-04 16:54:40,992 - INFO - AAPL 当前市场价格: 120.72 元
2025-03-04 16:54:40,992 - INFO - 下卖单：卖出 10 个 AAPL，价格：120.72 元
2025-03-04 16:54:40,992 - INFO - 卖单已成功下单，订单ID: 4771
2025-03-04 16:54:41,993 - INFO - GOOGL 当前市场价格: 194.06 元
2025-03-04 16:54:41,993 - INFO - 下买单：买入 10 个 GOOGL，价格：194.06 元
2025-03-04 16:54:41,993 - INFO - 买单已成功下单，订单ID: 4574
2025-03-04 16:54:42,995 - INFO - MSFT 当前市场价格: 159.73 元
2025-03-04 16:54:42,995 - INFO - 下买单：买入 10 个 MSFT，价格：159.73 元
2025-03-04 16:54:42,995 - INFO - 买单已成功下单，订单ID: 5286
2025-03-04 16:54:44,997 - INFO - AAPL 当前市场价格: 186.61 元
2025-03-04 16:54:44,997 - INFO - 下买单：买入 10 个 AAPL，价格：186.61 元
2025-03-04 16:54:44,997 - INFO - 买单已成功下单，订单ID: 6102
2025-03-04 16:54:45,998 - INFO - GOOGL 当前市场价格: 151.07 元
2025-03-04 16:54:45,998 - INFO - 下买单：买入 10 个 GOOGL，价格：151.07 元
2025-03-04 16:54:45,998 - INFO - 买单已成功下单，订单ID: 3708
2025-03-04 16:54:46,999 - INFO - MSFT 当前市场价格: 176.64 元
2025-03-04 16:54:47,000 - INFO - 下买单：买入 10 个 MSFT，价格：176.64 元
2025-03-04 16:54:47,000 - INFO - 买单已成功下单，订单ID: 1195
2025-03-04 16:54:49,000 - INFO - AAPL 当前市场价格: 180.18 元
2025-03-04 16:54:49,000 - INFO - 下买单：买入 10 个 AAPL，价格：180.18 元
2025-03-04 16:54:49,000 - INFO - 买单已成功下单，订单ID: 3752
2025-03-04 16:54:50,002 - INFO - GOOGL 当前市场价格: 122.42 元
2025-03-04 16:54:50,002 - INFO - 下卖单：卖出 10 个 GOOGL，价格：122.42 元
2025-03-04 16:54:50,002 - INFO - 卖单已成功下单，订单ID: 2006
2025-03-04 16:54:51,003 - INFO - MSFT 当前市场价格: 143.66 元
2025-03-04 16:54:51,003 - INFO - 下卖单：卖出 10 个 MSFT，价格：143.66 元
2025-03-04 16:54:51,003 - INFO - 卖单已成功下单，订单ID: 8452
2025-03-04 16:54:53,005 - INFO - AAPL 当前市场价格: 198.80 元
2025-03-04 16:54:53,005 - INFO - 下买单：买入 10 个 AAPL，价格：198.80 元
2025-03-04 16:54:53,005 - INFO - 买单已成功下单，订单ID: 9762
2025-03-04 16:54:54,006 - INFO - GOOGL 当前市场价格: 103.17 元
2025-03-04 16:54:54,007 - INFO - 下卖单：卖出 10 个 GOOGL，价格：103.17 元
2025-03-04 16:54:54,007 - INFO - 卖单已成功下单，订单ID: 2936
2025-03-04 16:54:55,008 - INFO - MSFT 当前市场价格: 136.52 元
2025-03-04 16:54:55,008 - INFO - 下卖单：卖出 10 个 MSFT，价格：136.52 元
2025-03-04 16:54:55,008 - INFO - 卖单已成功下单，订单ID: 4182
2025-03-04 16:54:57,010 - INFO - AAPL 当前市场价格: 160.21 元
2025-03-04 16:54:57,010 - INFO - 下买单：买入 10 个 AAPL，价格：160.21 元
2025-03-04 16:54:57,010 - INFO - 买单已成功下单，订单ID: 2460
2025-03-04 16:54:58,011 - INFO - GOOGL 当前市场价格: 106.80 元
2025-03-04 16:54:58,012 - INFO - 下卖单：卖出 10 个 GOOGL，价格：106.80 元
2025-03-04 16:54:58,012 - INFO - 卖单已成功下单，订单ID: 2692
2025-03-04 16:54:59,013 - INFO - MSFT 当前市场价格: 137.24 元
2025-03-04 16:54:59,013 - INFO - 下卖单：卖出 10 个 MSFT，价格：137.24 元
2025-03-04 16:54:59,013 - INFO - 卖单已成功下单，订单ID: 4943
2025-03-04 16:55:01,014 - INFO - AAPL 当前市场价格: 109.78 元
2025-03-04 16:55:01,014 - INFO - 下卖单：卖出 10 个 AAPL，价格：109.78 元
2025-03-04 16:55:01,014 - INFO - 卖单已成功下单，订单ID: 8253
2025-03-04 16:55:02,014 - INFO - GOOGL 当前市场价格: 158.42 元
2025-03-04 16:55:02,014 - INFO - 下买单：买入 10 个 GOOGL，价格：158.42 元
2025-03-04 16:55:02,014 - INFO - 买单已成功下单，订单ID: 6639
2025-03-04 16:55:03,015 - INFO - MSFT 当前市场价格: 129.03 元
2025-03-04 16:55:03,015 - INFO - 下卖单：卖出 10 个 MSFT，价格：129.03 元
2025-03-04 16:55:03,015 - INFO - 卖单已成功下单，订单ID: 5270
2025-03-04 16:55:05,017 - INFO - AAPL 当前市场价格: 185.32 元
2025-03-04 16:55:05,017 - INFO - 下买单：买入 10 个 AAPL，价格：185.32 元
2025-03-04 16:55:05,017 - INFO - 买单已成功下单，订单ID: 3098
2025-03-04 16:55:06,017 - INFO - GOOGL 当前市场价格: 198.41 元
2025-03-04 16:55:06,017 - INFO - 下买单：买入 10 个 GOOGL，价格：198.41 元
2025-03-04 16:55:06,017 - INFO - 买单已成功下单，订单ID: 2842
2025-03-04 16:55:07,018 - INFO - MSFT 当前市场价格: 189.20 元
2025-03-04 16:55:07,018 - INFO - 下买单：买入 10 个 MSFT，价格：189.20 元
2025-03-04 16:55:07,018 - INFO - 买单已成功下单，订单ID: 4846
2025-03-04 16:55:09,019 - INFO - AAPL 当前市场价格: 123.88 元
2025-03-04 16:55:09,019 - INFO - 下卖单：卖出 10 个 AAPL，价格：123.88 元
2025-03-04 16:55:09,019 - INFO - 卖单已成功下单，订单ID: 3378
2025-03-04 16:55:10,020 - INFO - GOOGL 当前市场价格: 144.68 元
2025-03-04 16:55:10,020 - INFO - 下卖单：卖出 10 个 GOOGL，价格：144.68 元
2025-03-04 16:55:10,020 - INFO - 卖单已成功下单，订单ID: 7334
2025-03-04 16:55:11,021 - INFO - MSFT 当前市场价格: 126.63 元
2025-03-04 16:55:11,021 - INFO - 下卖单：卖出 10 个 MSFT，价格：126.63 元
2025-03-04 16:55:11,021 - INFO - 卖单已成功下单，订单ID: 6949
2025-03-04 16:55:13,022 - INFO - AAPL 当前市场价格: 135.15 元
2025-03-04 16:55:13,022 - INFO - 下卖单：卖出 10 个 AAPL，价格：135.15 元
2025-03-04 16:55:13,022 - INFO - 卖单已成功下单，订单ID: 4354
2025-03-04 16:55:14,022 - INFO - GOOGL 当前市场价格: 140.88 元
2025-03-04 16:55:14,022 - INFO - 下卖单：卖出 10 个 GOOGL，价格：140.88 元
2025-03-04 16:55:14,022 - INFO - 卖单已成功下单，订单ID: 1779
2025-03-04 16:55:15,023 - INFO - MSFT 当前市场价格: 172.47 元
2025-03-04 16:55:15,023 - INFO - 下买单：买入 10 个 MSFT，价格：172.47 元
2025-03-04 16:55:15,023 - INFO - 买单已成功下单，订单ID: 3692
2025-03-04 16:55:17,024 - INFO - AAPL 当前市场价格: 125.73 元
2025-03-04 16:55:17,024 - INFO - 下卖单：卖出 10 个 AAPL，价格：125.73 元
2025-03-04 16:55:17,024 - INFO - 卖单已成功下单，订单ID: 7750
2025-03-04 16:55:18,025 - INFO - GOOGL 当前市场价格: 181.57 元
2025-03-04 16:55:18,025 - INFO - 下买单：买入 10 个 GOOGL，价格：181.57 元
2025-03-04 16:55:18,025 - INFO - 买单已成功下单，订单ID: 2465
2025-03-04 16:55:19,025 - INFO - MSFT 当前市场价格: 111.85 元
2025-03-04 16:55:19,025 - INFO - 下卖单：卖出 10 个 MSFT，价格：111.85 元
2025-03-04 16:55:19,025 - INFO - 卖单已成功下单，订单ID: 6320
2025-03-04 16:55:21,026 - INFO - AAPL 当前市场价格: 187.83 元
2025-03-04 16:55:21,026 - INFO - 下买单：买入 10 个 AAPL，价格：187.83 元
2025-03-04 16:55:21,026 - INFO - 买单已成功下单，订单ID: 9330
2025-03-04 16:55:22,027 - INFO - GOOGL 当前市场价格: 154.62 元
2025-03-04 16:55:22,027 - INFO - 下买单：买入 10 个 GOOGL，价格：154.62 元
2025-03-04 16:55:22,027 - INFO - 买单已成功下单，订单ID: 5964
2025-03-04 16:55:23,028 - INFO - MSFT 当前市场价格: 181.08 元
2025-03-04 16:55:23,028 - INFO - 下买单：买入 10 个 MSFT，价格：181.08 元
2025-03-04 16:55:23,028 - INFO - 买单已成功下单，订单ID: 7238
2025-03-04 16:55:25,029 - INFO - AAPL 当前市场价格: 107.57 元
2025-03-04 16:55:25,029 - INFO - 下卖单：卖出 10 个 AAPL，价格：107.57 元
2025-03-04 16:55:25,029 - INFO - 卖单已成功下单，订单ID: 9494
2025-03-04 16:55:26,030 - INFO - GOOGL 当前市场价格: 187.46 元
2025-03-04 16:55:26,030 - INFO - 下买单：买入 10 个 GOOGL，价格：187.46 元
2025-03-04 16:55:26,030 - INFO - 买单已成功下单，订单ID: 3814
2025-03-04 16:55:27,031 - INFO - MSFT 当前市场价格: 154.50 元
2025-03-04 16:55:27,031 - INFO - 下买单：买入 10 个 MSFT，价格：154.50 元
2025-03-04 16:55:27,031 - INFO - 买单已成功下单，订单ID: 6124
2025-03-04 16:55:29,032 - INFO - AAPL 当前市场价格: 125.19 元
2025-03-04 16:55:29,032 - INFO - 下卖单：卖出 10 个 AAPL，价格：125.19 元
2025-03-04 16:55:29,032 - INFO - 卖单已成功下单，订单ID: 8308
2025-03-04 16:55:30,032 - INFO - GOOGL 当前市场价格: 126.19 元
2025-03-04 16:55:30,032 - INFO - 下卖单：卖出 10 个 GOOGL，价格：126.19 元
2025-03-04 16:55:30,032 - INFO - 卖单已成功下单，订单ID: 8000
2025-03-04 16:55:31,033 - INFO - MSFT 当前市场价格: 176.25 元
2025-03-04 16:55:31,033 - INFO - 下买单：买入 10 个 MSFT，价格：176.25 元
2025-03-04 16:55:31,033 - INFO - 买单已成功下单，订单ID: 5368
2025-03-04 16:55:33,034 - INFO - AAPL 当前市场价格: 162.50 元
2025-03-04 16:55:33,034 - INFO - 下买单：买入 10 个 AAPL，价格：162.50 元
2025-03-04 16:55:33,034 - INFO - 买单已成功下单，订单ID: 3334
2025-03-04 16:55:34,035 - INFO - GOOGL 当前市场价格: 177.63 元
2025-03-04 16:55:34,035 - INFO - 下买单：买入 10 个 GOOGL，价格：177.63 元
2025-03-04 16:55:34,035 - INFO - 买单已成功下单，订单ID: 7479
2025-03-04 16:55:35,035 - INFO - MSFT 当前市场价格: 100.06 元
2025-03-04 16:55:35,035 - INFO - 下卖单：卖出 10 个 MSFT，价格：100.06 元
2025-03-04 16:55:35,035 - INFO - 卖单已成功下单，订单ID: 7520
2025-03-04 16:55:37,036 - INFO - AAPL 当前市场价格: 189.00 元
2025-03-04 16:55:37,036 - INFO - 下买单：买入 10 个 AAPL，价格：189.00 元
2025-03-04 16:55:37,036 - INFO - 买单已成功下单，订单ID: 3080
2025-03-04 16:55:38,037 - INFO - GOOGL 当前市场价格: 171.31 元
2025-03-04 16:55:38,037 - INFO - 下买单：买入 10 个 GOOGL，价格：171.31 元
2025-03-04 16:55:38,037 - INFO - 买单已成功下单，订单ID: 1468
2025-03-04 16:55:39,037 - INFO - MSFT 当前市场价格: 144.28 元
2025-03-04 16:55:39,037 - INFO - 下卖单：卖出 10 个 MSFT，价格：144.28 元
2025-03-04 16:55:39,037 - INFO - 卖单已成功下单，订单ID: 9107
2025-03-04 16:55:41,039 - INFO - AAPL 当前市场价格: 111.48 元
2025-03-04 16:55:41,039 - INFO - 下卖单：卖出 10 个 AAPL，价格：111.48 元
2025-03-04 16:55:41,039 - INFO - 卖单已成功下单，订单ID: 5446
2025-03-04 16:55:42,040 - INFO - GOOGL 当前市场价格: 183.20 元
2025-03-04 16:55:42,040 - INFO - 下买单：买入 10 个 GOOGL，价格：183.20 元
2025-03-04 16:55:42,040 - INFO - 买单已成功下单，订单ID: 7316
2025-03-04 16:55:43,041 - INFO - MSFT 当前市场价格: 103.99 元
2025-03-04 16:55:43,041 - INFO - 下卖单：卖出 10 个 MSFT，价格：103.99 元
2025-03-04 16:55:43,041 - INFO - 卖单已成功下单，订单ID: 9824
2025-03-04 16:55:45,042 - INFO - AAPL 当前市场价格: 141.13 元
2025-03-04 16:55:45,042 - INFO - 下卖单：卖出 10 个 AAPL，价格：141.13 元
2025-03-04 16:55:45,042 - INFO - 卖单已成功下单，订单ID: 6326
2025-03-04 16:55:46,043 - INFO - GOOGL 当前市场价格: 109.17 元
2025-03-04 16:55:46,043 - INFO - 下卖单：卖出 10 个 GOOGL，价格：109.17 元
2025-03-04 16:55:46,043 - INFO - 卖单已成功下单，订单ID: 7005
2025-03-04 16:55:47,043 - INFO - MSFT 当前市场价格: 107.65 元
2025-03-04 16:55:47,043 - INFO - 下卖单：卖出 10 个 MSFT，价格：107.65 元
2025-03-04 16:55:47,043 - INFO - 卖单已成功下单，订单ID: 8926
2025-03-04 16:55:49,045 - INFO - AAPL 当前市场价格: 106.34 元
2025-03-04 16:55:49,045 - INFO - 下卖单：卖出 10 个 AAPL，价格：106.34 元
2025-03-04 16:55:49,045 - INFO - 卖单已成功下单，订单ID: 8234
2025-03-04 16:55:50,045 - INFO - GOOGL 当前市场价格: 128.03 元
2025-03-04 16:55:50,045 - INFO - 下卖单：卖出 10 个 GOOGL，价格：128.03 元
2025-03-04 16:55:50,045 - INFO - 卖单已成功下单，订单ID: 1088
2025-03-04 16:55:50,832 - INFO - AAPL 当前市场价格: 146.29 元
2025-03-04 16:55:51,832 - INFO - AAPL 当前市场价格: 161.87 元
2025-03-04 16:55:51,832 - INFO - 下买单：买入 10 个 AAPL，价格：161.87 元
2025-03-04 16:55:51,832 - INFO - 买单已成功下单，订单ID: 1812
2025-03-04 16:55:52,833 - INFO - AAPL 当前市场价格: 166.91 元
2025-03-04 16:55:52,833 - INFO - 下买单：买入 10 个 AAPL，价格：166.91 元
2025-03-04 16:55:52,833 - INFO - 买单已成功下单，订单ID: 8823
2025-03-04 16:55:53,834 - INFO - AAPL 当前市场价格: 169.93 元
2025-03-04 16:55:53,834 - INFO - 下买单：买入 10 个 AAPL，价格：169.93 元
2025-03-04 16:55:53,834 - INFO - 买单已成功下单，订单ID: 1465
2025-03-04 16:55:54,835 - INFO - AAPL 当前市场价格: 159.09 元
2025-03-04 16:55:54,835 - INFO - 下卖单：卖出 10 个 AAPL，价格：159.09 元
2025-03-04 16:55:54,835 - INFO - 卖单已成功下单，订单ID: 2428
2025-03-04 16:55:55,835 - INFO - AAPL 当前市场价格: 142.06 元
2025-03-04 16:55:55,835 - INFO - 下卖单：卖出 10 个 AAPL，价格：142.06 元
2025-03-04 16:55:55,835 - INFO - 卖单已成功下单，订单ID: 3718
2025-03-04 16:55:56,836 - INFO - AAPL 当前市场价格: 149.82 元
2025-03-04 16:55:56,836 - INFO - 下买单：买入 10 个 AAPL，价格：149.82 元
2025-03-04 16:55:56,836 - INFO - 买单已成功下单，订单ID: 6511
2025-03-04 16:55:57,836 - INFO - AAPL 当前市场价格: 154.90 元
2025-03-04 16:55:57,836 - INFO - 下买单：买入 10 个 AAPL，价格：154.90 元
2025-03-04 16:55:57,836 - INFO - 买单已成功下单，订单ID: 4928
2025-03-04 16:55:58,837 - INFO - AAPL 当前市场价格: 168.28 元
2025-03-04 16:55:58,837 - INFO - 下买单：买入 10 个 AAPL，价格：168.28 元
2025-03-04 16:55:58,837 - INFO - 买单已成功下单，订单ID: 3207
2025-03-04 16:55:59,838 - INFO - AAPL 当前市场价格: 161.46 元
2025-03-04 16:55:59,838 - INFO - 下卖单：卖出 10 个 AAPL，价格：161.46 元
2025-03-04 16:55:59,838 - INFO - 卖单已成功下单，订单ID: 3975
2025-03-04 16:56:00,838 - INFO - AAPL 当前市场价格: 150.50 元
2025-03-04 16:56:00,838 - INFO - 下卖单：卖出 10 个 AAPL，价格：150.50 元
2025-03-04 16:56:00,838 - INFO - 卖单已成功下单，订单ID: 3833
2025-03-04 16:56:01,839 - INFO - AAPL 当前市场价格: 160.52 元
2025-03-04 16:56:01,839 - INFO - 下买单：买入 10 个 AAPL，价格：160.52 元
2025-03-04 16:56:01,839 - INFO - 买单已成功下单，订单ID: 1024
2025-03-04 16:56:02,839 - INFO - AAPL 当前市场价格: 157.54 元
2025-03-04 16:56:02,839 - INFO - 下卖单：卖出 10 个 AAPL，价格：157.54 元
2025-03-04 16:56:02,839 - INFO - 卖单已成功下单，订单ID: 4252
2025-03-04 16:56:03,841 - INFO - AAPL 当前市场价格: 141.79 元
2025-03-04 16:56:03,841 - INFO - 下卖单：卖出 10 个 AAPL，价格：141.79 元
2025-03-04 16:56:03,841 - INFO - 卖单已成功下单，订单ID: 2739
2025-03-04 16:56:04,842 - INFO - AAPL 当前市场价格: 160.87 元
2025-03-04 16:56:04,842 - INFO - 下买单：买入 10 个 AAPL，价格：160.87 元
2025-03-04 16:56:04,843 - INFO - 买单已成功下单，订单ID: 1475
2025-03-04 16:56:05,843 - INFO - AAPL 当前市场价格: 163.55 元
2025-03-04 16:56:05,843 - INFO - 下买单：买入 10 个 AAPL，价格：163.55 元
2025-03-04 16:56:05,843 - INFO - 买单已成功下单，订单ID: 8656
2025-03-04 16:56:06,844 - INFO - AAPL 当前市场价格: 141.42 元
2025-03-04 16:56:06,844 - INFO - 下卖单：卖出 10 个 AAPL，价格：141.42 元
2025-03-04 16:56:06,844 - INFO - 卖单已成功下单，订单ID: 3984
2025-03-04 16:56:07,845 - INFO - AAPL 当前市场价格: 161.48 元
2025-03-04 16:56:07,845 - INFO - 下买单：买入 10 个 AAPL，价格：161.48 元
2025-03-04 16:56:07,845 - INFO - 买单已成功下单，订单ID: 5158
2025-03-04 16:56:08,846 - INFO - AAPL 当前市场价格: 145.74 元
2025-03-04 16:56:08,846 - INFO - 下卖单：卖出 10 个 AAPL，价格：145.74 元
2025-03-04 16:56:08,846 - INFO - 卖单已成功下单，订单ID: 3692
2025-03-04 16:56:09,847 - INFO - AAPL 当前市场价格: 157.86 元
2025-03-04 16:56:09,847 - INFO - 下买单：买入 10 个 AAPL，价格：157.86 元
2025-03-04 16:56:09,847 - INFO - 买单已成功下单，订单ID: 7543
2025-03-04 16:56:10,848 - INFO - AAPL 当前市场价格: 169.62 元
2025-03-04 16:56:10,848 - INFO - 下买单：买入 10 个 AAPL，价格：169.62 元
2025-03-04 16:56:10,848 - INFO - 买单已成功下单，订单ID: 9879
2025-03-04 16:56:11,849 - INFO - AAPL 当前市场价格: 141.98 元
2025-03-04 16:56:11,849 - INFO - 下卖单：卖出 10 个 AAPL，价格：141.98 元
2025-03-04 16:56:11,849 - INFO - 卖单已成功下单，订单ID: 3421
2025-03-04 16:56:12,850 - INFO - AAPL 当前市场价格: 155.70 元
2025-03-04 16:56:12,850 - INFO - 下买单：买入 10 个 AAPL，价格：155.70 元
2025-03-04 16:56:12,850 - INFO - 买单已成功下单，订单ID: 2212
2025-03-04 16:56:13,851 - INFO - AAPL 当前市场价格: 147.85 元
2025-03-04 16:56:13,851 - INFO - 下卖单：卖出 10 个 AAPL，价格：147.85 元
2025-03-04 16:56:13,851 - INFO - 卖单已成功下单，订单ID: 2987
2025-03-04 16:56:14,851 - INFO - AAPL 当前市场价格: 167.18 元
2025-03-04 16:56:14,851 - INFO - 下买单：买入 10 个 AAPL，价格：167.18 元
2025-03-04 16:56:14,851 - INFO - 买单已成功下单，订单ID: 9119
2025-03-04 16:56:15,852 - INFO - AAPL 当前市场价格: 158.14 元
2025-03-04 16:56:15,852 - INFO - 下卖单：卖出 10 个 AAPL，价格：158.14 元
2025-03-04 16:56:15,852 - INFO - 卖单已成功下单，订单ID: 3222
2025-03-04 16:56:16,853 - INFO - AAPL 当前市场价格: 152.37 元
2025-03-04 16:56:16,853 - INFO - 下卖单：卖出 10 个 AAPL，价格：152.37 元
2025-03-04 16:56:16,853 - INFO - 卖单已成功下单，订单ID: 8582
2025-03-04 16:56:17,853 - INFO - AAPL 当前市场价格: 150.61 元
2025-03-04 16:56:17,853 - INFO - 下卖单：卖出 10 个 AAPL，价格：150.61 元
2025-03-04 16:56:17,853 - INFO - 卖单已成功下单，订单ID: 7840
2025-03-04 16:56:18,854 - INFO - AAPL 当前市场价格: 140.59 元
2025-03-04 16:56:18,854 - INFO - 下卖单：卖出 10 个 AAPL，价格：140.59 元
2025-03-04 16:56:18,854 - INFO - 卖单已成功下单，订单ID: 8324
2025-03-04 16:56:19,855 - INFO - AAPL 当前市场价格: 155.61 元
2025-03-04 16:56:19,855 - INFO - 下买单：买入 10 个 AAPL，价格：155.61 元
2025-03-04 16:56:19,855 - INFO - 买单已成功下单，订单ID: 2203
2025-03-04 16:56:20,856 - INFO - AAPL 当前市场价格: 165.36 元
2025-03-04 16:56:20,856 - INFO - 下买单：买入 10 个 AAPL，价格：165.36 元
2025-03-04 16:56:20,856 - INFO - 买单已成功下单，订单ID: 7279
2025-03-04 16:56:21,856 - INFO - AAPL 当前市场价格: 154.65 元
2025-03-04 16:56:21,856 - INFO - 下卖单：卖出 10 个 AAPL，价格：154.65 元
2025-03-04 16:56:21,856 - INFO - 卖单已成功下单，订单ID: 6803
2025-03-04 16:56:22,857 - INFO - AAPL 当前市场价格: 156.64 元
2025-03-04 16:56:22,857 - INFO - 下买单：买入 10 个 AAPL，价格：156.64 元
2025-03-04 16:56:22,857 - INFO - 买单已成功下单，订单ID: 1002
2025-03-04 16:56:23,858 - INFO - AAPL 当前市场价格: 156.25 元
2025-03-04 16:56:24,858 - INFO - AAPL 当前市场价格: 147.80 元
2025-03-04 16:56:24,858 - INFO - 下卖单：卖出 10 个 AAPL，价格：147.80 元
2025-03-04 16:56:24,858 - INFO - 卖单已成功下单，订单ID: 7016
2025-03-04 16:56:25,859 - INFO - AAPL 当前市场价格: 143.95 元
2025-03-04 16:56:25,859 - INFO - 下卖单：卖出 10 个 AAPL，价格：143.95 元
2025-03-04 16:56:25,859 - INFO - 卖单已成功下单，订单ID: 7559
2025-03-04 16:56:26,859 - INFO - AAPL 当前市场价格: 162.05 元
2025-03-04 16:56:26,859 - INFO - 下买单：买入 10 个 AAPL，价格：162.05 元
2025-03-04 16:56:26,859 - INFO - 买单已成功下单，订单ID: 7674
2025-03-04 16:56:27,860 - INFO - AAPL 当前市场价格: 167.50 元
2025-03-04 16:56:27,860 - INFO - 下买单：买入 10 个 AAPL，价格：167.50 元
2025-03-04 16:56:27,860 - INFO - 买单已成功下单，订单ID: 1046
2025-03-04 16:56:28,861 - INFO - AAPL 当前市场价格: 148.70 元
2025-03-04 16:56:28,861 - INFO - 下卖单：卖出 10 个 AAPL，价格：148.70 元
2025-03-04 16:56:28,861 - INFO - 卖单已成功下单，订单ID: 3696
2025-03-04 16:56:29,862 - INFO - AAPL 当前市场价格: 166.48 元
2025-03-04 16:56:29,862 - INFO - 下买单：买入 10 个 AAPL，价格：166.48 元
2025-03-04 16:56:29,862 - INFO - 买单已成功下单，订单ID: 2545
2025-03-04 16:56:30,863 - INFO - AAPL 当前市场价格: 143.04 元
2025-03-04 16:56:30,863 - INFO - 下卖单：卖出 10 个 AAPL，价格：143.04 元
2025-03-04 16:56:30,863 - INFO - 卖单已成功下单，订单ID: 2659
2025-03-04 16:56:31,864 - INFO - AAPL 当前市场价格: 146.60 元
2025-03-04 16:56:31,864 - INFO - 下买单：买入 10 个 AAPL，价格：146.60 元
2025-03-04 16:56:31,864 - INFO - 买单已成功下单，订单ID: 2126
2025-03-04 16:56:32,865 - INFO - AAPL 当前市场价格: 166.71 元
2025-03-04 16:56:32,865 - INFO - 下买单：买入 10 个 AAPL，价格：166.71 元
2025-03-04 16:56:32,865 - INFO - 买单已成功下单，订单ID: 9016
2025-03-04 16:56:33,866 - INFO - AAPL 当前市场价格: 147.39 元
2025-03-04 16:56:33,866 - INFO - 下卖单：卖出 10 个 AAPL，价格：147.39 元
2025-03-04 16:56:33,866 - INFO - 卖单已成功下单，订单ID: 6221
2025-03-04 16:56:34,866 - INFO - AAPL 当前市场价格: 147.90 元
2025-03-04 16:56:35,867 - INFO - AAPL 当前市场价格: 159.62 元
2025-03-04 16:56:35,867 - INFO - 下买单：买入 10 个 AAPL，价格：159.62 元
2025-03-04 16:56:35,867 - INFO - 买单已成功下单，订单ID: 5853
2025-03-04 16:56:36,868 - INFO - AAPL 当前市场价格: 147.79 元
2025-03-04 16:56:36,868 - INFO - 下卖单：卖出 10 个 AAPL，价格：147.79 元
2025-03-04 16:56:36,868 - INFO - 卖单已成功下单，订单ID: 3805
2025-03-04 16:56:37,868 - INFO - AAPL 当前市场价格: 155.34 元
2025-03-04 16:56:37,868 - INFO - 下买单：买入 10 个 AAPL，价格：155.34 元
2025-03-04 16:56:37,868 - INFO - 买单已成功下单，订单ID: 8464
2025-03-04 16:56:38,869 - INFO - AAPL 当前市场价格: 166.51 元
2025-03-04 16:56:38,869 - INFO - 下买单：买入 10 个 AAPL，价格：166.51 元
2025-03-04 16:56:38,869 - INFO - 买单已成功下单，订单ID: 2586
